sample.interval=5000
"private$separate_variable_types" "self$WangShaoKim2014" "initialize" "EBMRAlgorithmFast4$new" 
"exp" "compute_pi" "as.vector" "get_pi_vec" "g" "cache" "fn" "<Anonymous>" ".External2" "optim" "private$gmm" "self$WangShaoKim2014" "initialize" "EBMRAlgorithmFast4$new" 
"*" "g" "cache" "fn" "<Anonymous>" ".External2" "optim" "private$gmm" "self$WangShaoKim2014" "initialize" "EBMRAlgorithmFast4$new" 
"*" "g" "cache" "fn" "<Anonymous>" ".External2" "optim" "private$gmm" "self$WangShaoKim2014" "initialize" "EBMRAlgorithmFast4$new" 
"*" "g" "cache" "fn" "<Anonymous>" ".External2" "optim" "private$gmm" "self$WangShaoKim2014" "initialize" "EBMRAlgorithmFast4$new" 
"*" "g" "cache" "fn" "<Anonymous>" ".External2" "optim" "private$gmm" "self$WangShaoKim2014" "initialize" "EBMRAlgorithmFast4$new" 
"-" "Gamma_direct" "conv_grad_fast" "private$gmm" "self$WangShaoKim2014" "initialize" "EBMRAlgorithmFast4$new" 
"*" "Gamma_direct" "gr" "<Anonymous>" ".External2" "optim" "private$gmm" "self$WangShaoKim2014" "initialize" "EBMRAlgorithmFast4$new" 
"exp" "compute_pi" "as.vector" "get_pi_vec" "g" "cache" "fn" "<Anonymous>" ".External2" "optim" "private$gmm" "self$WangShaoKim2014" "initialize" "EBMRAlgorithmFast4$new" 
".findInheritedMethods" "<Anonymous>" "standardGeneric" "t" "private$gmm" "self$WangShaoKim2014" "initialize" "EBMRAlgorithmFast4$new" 
"exp" "compute_pi" "as.vector" "get_pi_vec" "g" "cache" "fn" "<Anonymous>" ".External2" "optim" "private$gmm" "self$WangShaoKim2014" "initialize" "EBMRAlgorithmFast4$new" 
"*" "Gamma_direct" "gr" "<Anonymous>" ".External2" "optim" "private$gmm" "self$WangShaoKim2014" "initialize" "EBMRAlgorithmFast4$new" 
"*" "g" "cache" "fn" "<Anonymous>" ".External2" "optim" "private$gmm" "self$WangShaoKim2014" "initialize" "EBMRAlgorithmFast4$new" 
"exp" "compute_pi" "as.vector" "get_pi_vec" "g" "cache" "fn" "<Anonymous>" ".External2" "optim" "private$gmm" "self$WangShaoKim2014" "initialize" "EBMRAlgorithmFast4$new" 
"factor" "as.factor" "self$WangShaoKim2014" "initialize" "EBMRAlgorithmFast4$new" 
"cache" "fn" "<Anonymous>" ".External2" "optim" "private$gmm" "self$WangShaoKim2014" "initialize" "EBMRAlgorithmFast4$new" 
"crossprod" "Gamma_direct" "gr" "<Anonymous>" ".External2" "optim" "private$gmm" "self$WangShaoKim2014" "initialize" "EBMRAlgorithmFast4$new" 
"exp" "compute_pi" "as.vector" "get_pi_vec" "g" "cache" "fn" "<Anonymous>" ".External2" "optim" "private$gmm" "self$WangShaoKim2014" "initialize" "EBMRAlgorithmFast4$new" 
"proj_grad_norm" "private$gmm" "self$WangShaoKim2014" "initialize" "EBMRAlgorithmFast4$new" 
"crossprod" "d2g" "Gamma_2" "private$gmm" "self$WangShaoKim2014" "initialize" "EBMRAlgorithmFast4$new" 
"crossprod" "Gamma_direct" "gr" "<Anonymous>" ".External2" "optim" "private$gmm" "self$WangShaoKim2014" "initialize" "EBMRAlgorithmFast4$new" 
"crossprod" "Gamma_direct" "conv_grad_fast" "private$gmm" "self$WangShaoKim2014" "initialize" "EBMRAlgorithmFast4$new" 
"crossprod" "Gamma_direct" "gr" "<Anonymous>" ".External2" "optim" "private$gmm" "self$WangShaoKim2014" "initialize" "EBMRAlgorithmFast4$new" 
"%*%" "as.vector" "pmax" "pmin" "compute_pi" "as.vector" "get_pi_vec" "g" "Q_full" "doTryCatch" "tryCatchOne" "tryCatchList" "tryCatch" "private$gmm" "self$WangShaoKim2014" "initialize" "EBMRAlgorithmFast4$new" 
"-" "private$gmm" "self$WangShaoKim2014" "initialize" "EBMRAlgorithmFast4$new" 
"g" "cache" "fn" "<Anonymous>" ".External2" "optim" "private$gmm" "self$WangShaoKim2014" "initialize" "EBMRAlgorithmFast4$new" 
"%*%" "solve" "W" "doTryCatch" "tryCatchOne" "tryCatchList" "tryCatch" "private$gmm" "self$WangShaoKim2014" "initialize" "EBMRAlgorithmFast4$new" 
".External" "terms.formula" "terms" "model.frame.default" "model.frame" "model.matrix.default" "model.matrix" "private$build_design_matrix" "self$WangShaoKim2014" "initialize" "EBMRAlgorithmFast4$new" 
"*" "Gamma_direct" "gr" "<Anonymous>" ".External2" "optim" "private$gmm" "self$WangShaoKim2014" "initialize" "EBMRAlgorithmFast4$new" 
"exp" "compute_pi" "as.vector" "get_pi_vec" "g" "cache" "fn" "<Anonymous>" ".External2" "optim" "private$gmm" "self$WangShaoKim2014" "initialize" "EBMRAlgorithmFast4$new" 
"as.vector" "pmax" "pmin" "compute_pi" "as.vector" "get_pi_vec" "g" "cache" "fn" "<Anonymous>" ".External2" "optim" "private$gmm" "self$WangShaoKim2014" "initialize" "EBMRAlgorithmFast4$new" 
"-" "g" "cache" "fn" "<Anonymous>" ".External2" "optim" "private$gmm" "self$WangShaoKim2014" "initialize" "EBMRAlgorithmFast4$new" 
"get_pi_vec" "g" "cache" "fn" "<Anonymous>" ".External2" "optim" "private$gmm" "self$WangShaoKim2014" "initialize" "EBMRAlgorithmFast4$new" 
"cache" "fn" "<Anonymous>" ".External2" "optim" "private$gmm" "self$WangShaoKim2014" "initialize" "EBMRAlgorithmFast4$new" 
"crossprod" "Gamma_direct" "gr" "<Anonymous>" ".External2" "optim" "private$gmm" "self$WangShaoKim2014" "initialize" "EBMRAlgorithmFast4$new" 
"exp" "compute_pi" "as.vector" "get_pi_vec" "g" "Q_full" "doTryCatch" "tryCatchOne" "tryCatchList" "tryCatch" "private$gmm" "self$WangShaoKim2014" "initialize" "EBMRAlgorithmFast4$new" 
"crossprod" "Gamma_direct" "gr" "<Anonymous>" ".External2" "optim" "private$gmm" "self$WangShaoKim2014" "initialize" "EBMRAlgorithmFast4$new" 
"crossprod" "Gamma_direct" "gr" "<Anonymous>" ".External2" "optim" "private$gmm" "self$WangShaoKim2014" "initialize" "EBMRAlgorithmFast4$new" 
"%*%" "as.vector" "pmax" "pmin" "compute_pi" "as.vector" "get_pi_vec" "g" "cache" "fn" "<Anonymous>" ".External2" "optim" "private$gmm" "self$WangShaoKim2014" "initialize" "EBMRAlgorithmFast4$new" 
"factor" "as.factor" "self$WangShaoKim2014" "initialize" "EBMRAlgorithmFast4$new" 
"exp" "compute_pi" "as.vector" "get_pi_vec" "g" "cache" "fn" "<Anonymous>" ".External2" "optim" "private$gmm" "self$WangShaoKim2014" "initialize" "EBMRAlgorithmFast4$new" 
"as.vector" "pmax" "pmin" "compute_pi" "as.vector" "get_pi_vec" "g" "cache" "fn" "<Anonymous>" ".External2" "optim" "private$gmm" "self$WangShaoKim2014" "initialize" "EBMRAlgorithmFast4$new" 
"crossprod" "Gamma_direct" "conv_grad_fast" "private$gmm" "self$WangShaoKim2014" "initialize" "EBMRAlgorithmFast4$new" 
"exp" "compute_pi" "as.vector" "get_pi_vec" "g" "Q_full" "doTryCatch" "tryCatchOne" "tryCatchList" "tryCatch" "private$gmm" "self$WangShaoKim2014" "initialize" "EBMRAlgorithmFast4$new" 
"vapply" ".getXlevels" "lm" "model.matrix" "self$WangShaoKim2014" "initialize" "EBMRAlgorithmFast4$new" 
"crossprod" "Gamma_direct" "gr" "<Anonymous>" ".External2" "optim" "private$gmm" "self$WangShaoKim2014" "initialize" "EBMRAlgorithmFast4$new" 
"as.matrix" "solve.default" "solve" "W" "doTryCatch" "tryCatchOne" "tryCatchList" "tryCatch" "private$gmm" "self$WangShaoKim2014" "initialize" "EBMRAlgorithmFast4$new" 
"-" "Gamma_direct" "gr" "<Anonymous>" ".External2" "optim" "private$gmm" "self$WangShaoKim2014" "initialize" "EBMRAlgorithmFast4$new" 
"-" "Gamma_direct" "gr" "<Anonymous>" ".External2" "optim" "private$gmm" "self$WangShaoKim2014" "initialize" "EBMRAlgorithmFast4$new" 
"-" "Gamma_direct" "gr" "<Anonymous>" ".External2" "optim" "private$gmm" "self$WangShaoKim2014" "initialize" "EBMRAlgorithmFast4$new" 
"-" "Gamma_direct" "gr" "<Anonymous>" ".External2" "optim" "private$gmm" "self$WangShaoKim2014" "initialize" "EBMRAlgorithmFast4$new" 
"-" "Gamma_direct" "gr" "<Anonymous>" ".External2" "optim" "private$gmm" "self$WangShaoKim2014" "initialize" "EBMRAlgorithmFast4$new" 
"-" "Gamma_direct" "gr" "<Anonymous>" ".External2" "optim" "private$gmm" "self$WangShaoKim2014" "initialize" "EBMRAlgorithmFast4$new" 
"pmin" "compute_pi" "as.vector" "get_pi_vec" "g" "cache" "fn" "<Anonymous>" ".External2" "optim" "private$gmm" "self$WangShaoKim2014" "initialize" "EBMRAlgorithmFast4$new" 
"cbind" "private$build_design_matrix" "self$WangShaoKim2014" "initialize" "EBMRAlgorithmFast4$new" 
"exp" "compute_pi" "as.vector" "get_pi_vec" "g" "cache" "fn" "<Anonymous>" ".External2" "optim" "private$gmm" "self$WangShaoKim2014" "initialize" "EBMRAlgorithmFast4$new" 
"pmin" "compute_pi" "as.vector" "get_pi_vec" "g" "cache" "fn" "<Anonymous>" ".External2" "optim" "private$gmm" "self$WangShaoKim2014" "initialize" "EBMRAlgorithmFast4$new" 
".colMeans" "matrix" "cache" "fn" "<Anonymous>" ".External2" "optim" "private$gmm" "self$WangShaoKim2014" "initialize" "EBMRAlgorithmFast4$new" 
"g" "cache" "fn" "<Anonymous>" ".External2" "optim" "private$gmm" "self$WangShaoKim2014" "initialize" "EBMRAlgorithmFast4$new" 
"exp" "compute_pi" "as.vector" "get_pi_vec" "g" "Q_full" "FUN" "vapply" "doTryCatch" "tryCatchOne" "tryCatchList" "tryCatch" "private$gmm" "self$WangShaoKim2014" "initialize" "EBMRAlgorithmFast4$new" 
"factor" "as.factor" "self$WangShaoKim2014" "initialize" "EBMRAlgorithmFast4$new" 
"exp" "compute_pi" "as.vector" "get_pi_vec" "g" "cache" "fn" "<Anonymous>" ".External2" "optim" "private$gmm" "self$WangShaoKim2014" "initialize" "EBMRAlgorithmFast4$new" 
"*" "g" "cache" "fn" "<Anonymous>" ".External2" "optim" "private$gmm" "self$WangShaoKim2014" "initialize" "EBMRAlgorithmFast4$new" 
".colMeans" "matrix" "cache" "fn" "<Anonymous>" ".External2" "optim" "private$gmm" "self$WangShaoKim2014" "initialize" "EBMRAlgorithmFast4$new" 
"get_pi_vec" "g" "cache" "fn" "<Anonymous>" ".External2" "optim" "private$gmm" "self$WangShaoKim2014" "initialize" "EBMRAlgorithmFast4$new" 
"%*%" "solve" "W" "doTryCatch" "tryCatchOne" "tryCatchList" "tryCatch" "private$gmm" "self$WangShaoKim2014" "initialize" "EBMRAlgorithmFast4$new" 
"exp" "compute_pi" "as.vector" "get_pi_vec" "g" "cache" "fn" "<Anonymous>" ".External2" "optim" "private$gmm" "self$WangShaoKim2014" "initialize" "EBMRAlgorithmFast4$new" 
"crossprod" "Gamma_direct" "gr" "<Anonymous>" ".External2" "optim" "private$gmm" "self$WangShaoKim2014" "initialize" "EBMRAlgorithmFast4$new" 
"as.vector" "private$gmm" "self$WangShaoKim2014" "initialize" "EBMRAlgorithmFast4$new" 
"cache" "fn" "<Anonymous>" ".External2" "optim" "private$gmm" "self$WangShaoKim2014" "initialize" "EBMRAlgorithmFast4$new" 
"exp" "compute_pi" "as.vector" "get_pi_vec" "g" "cache" "fn" "<Anonymous>" ".External2" "optim" "private$gmm" "self$WangShaoKim2014" "initialize" "EBMRAlgorithmFast4$new" 
"crossprod" "Gamma_direct" "gr" "<Anonymous>" ".External2" "optim" "private$gmm" "self$WangShaoKim2014" "initialize" "EBMRAlgorithmFast4$new" 
"%*%" "solve" "W" "doTryCatch" "tryCatchOne" "tryCatchList" "tryCatch" "Q_full" "FUN" "vapply" "doTryCatch" "tryCatchOne" "tryCatchList" "tryCatch" "private$gmm" "self$WangShaoKim2014" "initialize" "EBMRAlgorithmFast4$new" 
"exp" "compute_pi" "as.vector" "get_pi_vec" "g" "cache" "fn" "<Anonymous>" ".External2" "optim" "private$gmm" "self$WangShaoKim2014" "initialize" "EBMRAlgorithmFast4$new" 
"get_pi_vec" "g" "cache" "fn" "<Anonymous>" ".External2" "optim" "private$gmm" "self$WangShaoKim2014" "initialize" "EBMRAlgorithmFast4$new" 
"crossprod" "Gamma_direct" "gr" "<Anonymous>" ".External2" "optim" "private$gmm" "self$WangShaoKim2014" "initialize" "EBMRAlgorithmFast4$new" 
"length" "colnames<-" "solve.default" "solve" "W" "doTryCatch" "tryCatchOne" "tryCatchList" "tryCatch" "private$gmm" "self$WangShaoKim2014" "initialize" "EBMRAlgorithmFast4$new" 
"-" "Gamma_direct" "gr" "<Anonymous>" ".External2" "optim" "private$gmm" "self$WangShaoKim2014" "initialize" "EBMRAlgorithmFast4$new" 
"FUN" "vapply" "pmin" "compute_pi" "as.vector" "get_pi_vec" "g" "cache" "fn" "<Anonymous>" ".External2" "optim" "private$gmm" "self$WangShaoKim2014" "initialize" "EBMRAlgorithmFast4$new" 
"%*%" "solve" "W" "doTryCatch" "tryCatchOne" "tryCatchList" "tryCatch" "private$gmm" "self$WangShaoKim2014" "initialize" "EBMRAlgorithmFast4$new" 
"cache" "fn" "<Anonymous>" ".External2" "optim" "private$gmm" "self$WangShaoKim2014" "initialize" "EBMRAlgorithmFast4$new" 
"compute_pi" "as.vector" "get_pi_vec" "g" "cache" "fn" "<Anonymous>" ".External2" "optim" "private$gmm" "self$WangShaoKim2014" "initialize" "EBMRAlgorithmFast4$new" 
"*" "g" "cache" "fn" "<Anonymous>" ".External2" "optim" "private$gmm" "self$WangShaoKim2014" "initialize" "EBMRAlgorithmFast4$new" 
"%*%" "as.vector" "pmax" "pmin" "compute_pi" "as.vector" "get_pi_vec" "g" "Q_full" "doTryCatch" "tryCatchOne" "tryCatchList" "tryCatch" "private$gmm" "self$WangShaoKim2014" "initialize" "EBMRAlgorithmFast4$new" 
"exp" "compute_pi" "as.vector" "get_pi_vec" "g" "cache" "fn" "<Anonymous>" ".External2" "optim" "private$gmm" "self$WangShaoKim2014" "initialize" "EBMRAlgorithmFast4$new" 
".External2" "optim" "private$gmm" "self$WangShaoKim2014" "initialize" "EBMRAlgorithmFast4$new" 
"crossprod" "Gamma_direct" "conv_grad_fast" "private$gmm" "self$WangShaoKim2014" "initialize" "EBMRAlgorithmFast4$new" 
"g" "cache" "fn" "<Anonymous>" ".External2" "optim" "private$gmm" "self$WangShaoKim2014" "initialize" "EBMRAlgorithmFast4$new" 
"is.finite" "proj_grad_norm" "private$gmm" "self$WangShaoKim2014" "initialize" "EBMRAlgorithmFast4$new" 
"cache" "fn" "<Anonymous>" ".External2" "optim" "private$gmm" "self$WangShaoKim2014" "initialize" "EBMRAlgorithmFast4$new" 
"strsplit" "FUN" "lapply" "sapply" "private$parse_formula" "self$WangShaoKim2014" "initialize" "EBMRAlgorithmFast4$new" 
"exp" "compute_pi" "as.vector" "get_pi_vec" "g" "cache" "fn" "<Anonymous>" ".External2" "optim" "private$gmm" "self$WangShaoKim2014" "initialize" "EBMRAlgorithmFast4$new" 
"*" "Gamma_direct" "conv_grad_fast" "private$gmm" "self$WangShaoKim2014" "initialize" "EBMRAlgorithmFast4$new" 
"private$gmm" "self$WangShaoKim2014" "initialize" "EBMRAlgorithmFast4$new" 
".External2" "optim" "private$gmm" "self$WangShaoKim2014" "initialize" "EBMRAlgorithmFast4$new" 
"t" "solve" "W" "doTryCatch" "tryCatchOne" "tryCatchList" "tryCatch" "private$gmm" "self$WangShaoKim2014" "initialize" "EBMRAlgorithmFast4$new" 
"factor" "as.factor" "self$WangShaoKim2014" "initialize" "EBMRAlgorithmFast4$new" 
"%*%" "as.vector" "conv_grad_fast" "private$gmm" "self$WangShaoKim2014" "initialize" "EBMRAlgorithmFast4$new" 
"crossprod" "Gamma_direct" "gr" "<Anonymous>" ".External2" "optim" "private$gmm" "self$WangShaoKim2014" "initialize" "EBMRAlgorithmFast4$new" 
"exp" "compute_pi" "as.vector" "get_pi_vec" "g" "cache" "fn" "<Anonymous>" ".External2" "optim" "private$gmm" "self$WangShaoKim2014" "initialize" "EBMRAlgorithmFast4$new" 
"*" "Gamma_direct" "gr" "<Anonymous>" ".External2" "optim" "private$gmm" "self$WangShaoKim2014" "initialize" "EBMRAlgorithmFast4$new" 
"crossprod" "Gamma_direct" "gr" "<Anonymous>" ".External2" "optim" "private$gmm" "self$WangShaoKim2014" "initialize" "EBMRAlgorithmFast4$new" 
"is.atomic" "[[<-.data.frame" "[[<-" "model.matrix.default" "model.matrix" "lm" "model.matrix" "self$WangShaoKim2014" "initialize" "EBMRAlgorithmFast4$new" 
"exp" "compute_pi" "as.vector" "get_pi_vec" "g" "cache" "fn" "<Anonymous>" ".External2" "optim" "private$gmm" "self$WangShaoKim2014" "initialize" "EBMRAlgorithmFast4$new" 
"-" "g" "cache" "fn" "<Anonymous>" ".External2" "optim" "private$gmm" "self$WangShaoKim2014" "initialize" "EBMRAlgorithmFast4$new" 
"as.matrix" "solve.default" "solve" "W" "doTryCatch" "tryCatchOne" "tryCatchList" "tryCatch" "private$gmm" "self$WangShaoKim2014" "initialize" "EBMRAlgorithmFast4$new" 
"compute_pi" "as.vector" "get_pi_vec" "g" "cache" "fn" "<Anonymous>" ".External2" "optim" "private$gmm" "self$WangShaoKim2014" "initialize" "EBMRAlgorithmFast4$new" 
"as.vector" "ebmr$EBMR_IPW" 
"as.vector" "self$WangShaoKim2014" "initialize" "EBMRAlgorithmFast4$new" 
"exp" "compute_pi" "as.vector" "get_pi_vec" "g" "cache" "fn" "<Anonymous>" ".External2" "optim" "private$gmm" "self$WangShaoKim2014" "initialize" "EBMRAlgorithmFast4$new" 
"crossprod" "Gamma_direct" "gr" "<Anonymous>" ".External2" "optim" "private$gmm" "self$WangShaoKim2014" "initialize" "EBMRAlgorithmFast4$new" 
"pmin" "compute_pi" "as.vector" "get_pi_vec" "g" "cache" "fn" "<Anonymous>" ".External2" "optim" "private$gmm" "self$WangShaoKim2014" "initialize" "EBMRAlgorithmFast4$new" 
"g" "cache" "fn" "<Anonymous>" ".External2" "optim" "private$gmm" "self$WangShaoKim2014" "initialize" "EBMRAlgorithmFast4$new" 
"pmin" "compute_pi" "as.vector" "get_pi_vec" "g" "Q_full" "doTryCatch" "tryCatchOne" "tryCatchList" "tryCatch" "private$gmm" "self$WangShaoKim2014" "initialize" "EBMRAlgorithmFast4$new" 
"crossprod" "Gamma_direct" "gr" "<Anonymous>" ".External2" "optim" "private$gmm" "self$WangShaoKim2014" "initialize" "EBMRAlgorithmFast4$new" 
"as.vector" "gr" "<Anonymous>" ".External2" "optim" "private$gmm" "self$WangShaoKim2014" "initialize" "EBMRAlgorithmFast4$new" 
"vapply" "pmax" "pmin" "compute_pi" "as.vector" "get_pi_vec" "g" "cache" "fn" "<Anonymous>" ".External2" "optim" "private$gmm" "self$WangShaoKim2014" "initialize" "EBMRAlgorithmFast4$new" 
"*" "g" "cache" "fn" "<Anonymous>" ".External2" "optim" "private$gmm" "self$WangShaoKim2014" "initialize" "EBMRAlgorithmFast4$new" 
"model.frame" "model.matrix.default" "model.matrix" "private$build_design_matrix" "self$WangShaoKim2014" "initialize" "EBMRAlgorithmFast4$new" 
"identical" "cache" "gr" "<Anonymous>" ".External2" "optim" "private$gmm" "self$WangShaoKim2014" "initialize" "EBMRAlgorithmFast4$new" 
"vapply" "pmax" "pmin" "compute_pi" "as.vector" "get_pi_vec" "g" "cache" "fn" "<Anonymous>" ".External2" "optim" "private$gmm" "self$WangShaoKim2014" "initialize" "EBMRAlgorithmFast4$new" 
"cache" "fn" "<Anonymous>" ".External2" "optim" "private$gmm" "self$WangShaoKim2014" "initialize" "EBMRAlgorithmFast4$new" 
"exp" "compute_pi" "as.vector" "get_pi_vec" "g" "cache" "fn" "<Anonymous>" ".External2" "optim" "private$gmm" "self$WangShaoKim2014" "initialize" "EBMRAlgorithmFast4$new" 
"pmin" "compute_pi" "as.vector" "get_pi_vec" "g" "Q_full" "doTryCatch" "tryCatchOne" "tryCatchList" "tryCatch" "private$gmm" "self$WangShaoKim2014" "initialize" "EBMRAlgorithmFast4$new" 
"pmatch" ".deparseOpts" "deparse" "paste" "FUN" "vapply" "model.frame.default" "model.frame" "model.matrix.default" "model.matrix" "private$build_design_matrix" "self$WangShaoKim2014" "initialize" "EBMRAlgorithmFast4$new" 
"length" "mostattributes<-" "pmin" "compute_pi" "as.vector" "get_pi_vec" "g" "cache" "fn" "<Anonymous>" ".External2" "optim" "private$gmm" "self$WangShaoKim2014" "initialize" "EBMRAlgorithmFast4$new" 
"*" "g" "cache" "fn" "<Anonymous>" ".External2" "optim" "private$gmm" "self$WangShaoKim2014" "initialize" "EBMRAlgorithmFast4$new" 
"identical" "cache" "fn" "<Anonymous>" ".External2" "optim" "private$gmm" "self$WangShaoKim2014" "initialize" "EBMRAlgorithmFast4$new" 
".colMeans" "matrix" "private$gmm" "self$WangShaoKim2014" "initialize" "EBMRAlgorithmFast4$new" 
"exp" "compute_pi" "as.vector" "get_pi_vec" "g" "cache" "fn" "<Anonymous>" ".External2" "optim" "private$gmm" "self$WangShaoKim2014" "initialize" "EBMRAlgorithmFast4$new" 
"exp" "compute_pi" "as.vector" "get_pi_vec" "g" "cache" "fn" "<Anonymous>" ".External2" "optim" "private$gmm" "self$WangShaoKim2014" "initialize" "EBMRAlgorithmFast4$new" 
"%*%" "solve" "W" "doTryCatch" "tryCatchOne" "tryCatchList" "tryCatch" "Q_full" "FUN" "vapply" "doTryCatch" "tryCatchOne" "tryCatchList" "tryCatch" "private$gmm" "self$WangShaoKim2014" "initialize" "EBMRAlgorithmFast4$new" 
"pmin" "compute_pi" "as.vector" "get_pi_vec" "g" "cache" "fn" "<Anonymous>" ".External2" "optim" "private$gmm" "self$WangShaoKim2014" "initialize" "EBMRAlgorithmFast4$new" 
"match.arg" "optim" "private$gmm" "self$WangShaoKim2014" "initialize" "EBMRAlgorithmFast4$new" 
"crossprod" "Gamma_direct" "gr" "<Anonymous>" ".External2" "optim" "private$gmm" "self$WangShaoKim2014" "initialize" "EBMRAlgorithmFast4$new" 
"crossprod" "Gamma_direct" "gr" "<Anonymous>" ".External2" "optim" "private$gmm" "self$WangShaoKim2014" "initialize" "EBMRAlgorithmFast4$new" 
".colMeans" "matrix" "cache" "fn" "<Anonymous>" ".External2" "optim" "private$gmm" "self$WangShaoKim2014" "initialize" "EBMRAlgorithmFast4$new" 
"factor" "as.factor" "self$WangShaoKim2014" "initialize" "EBMRAlgorithmFast4$new" 
"crossprod" "Gamma_direct" "gr" "<Anonymous>" ".External2" "optim" "private$gmm" "self$WangShaoKim2014" "initialize" "EBMRAlgorithmFast4$new" 
"%*%" "fn" "<Anonymous>" ".External2" "optim" "private$gmm" "self$WangShaoKim2014" "initialize" "EBMRAlgorithmFast4$new" 
"%*%" "solve" "W" "doTryCatch" "tryCatchOne" "tryCatchList" "tryCatch" "private$gmm" "self$WangShaoKim2014" "initialize" "EBMRAlgorithmFast4$new" 
"t.default" "t" "solve" "W" "doTryCatch" "tryCatchOne" "tryCatchList" "tryCatch" "Q_full" "FUN" "vapply" "doTryCatch" "tryCatchOne" "tryCatchList" "tryCatch" "private$gmm" "self$WangShaoKim2014" "initialize" "EBMRAlgorithmFast4$new" 
"+" "compute_pi" "as.vector" "get_pi_vec" "g" "cache" "fn" "<Anonymous>" ".External2" "optim" "private$gmm" "self$WangShaoKim2014" "initialize" "EBMRAlgorithmFast4$new" 
"crossprod" "Gamma_direct" "gr" "<Anonymous>" ".External2" "optim" "private$gmm" "self$WangShaoKim2014" "initialize" "EBMRAlgorithmFast4$new" 
"/" "compute_pi" "as.vector" "get_pi_vec" "g" "cache" "fn" "<Anonymous>" ".External2" "optim" "private$gmm" "self$WangShaoKim2014" "initialize" "EBMRAlgorithmFast4$new" 
"crossprod" "Gamma_direct" "gr" "<Anonymous>" ".External2" "optim" "private$gmm" "self$WangShaoKim2014" "initialize" "EBMRAlgorithmFast4$new" 
"colMeans" "Gamma" "private$gmm" "self$WangShaoKim2014" "initialize" "EBMRAlgorithmFast4$new" 
".External2" "model.matrix.default" "model.matrix" "lm" "model.matrix" "self$WangShaoKim2014" "initialize" "EBMRAlgorithmFast4$new" 
"exp" "compute_pi" "as.vector" "get_pi_vec" "g" "cache" "fn" "<Anonymous>" ".External2" "optim" "private$gmm" "self$WangShaoKim2014" "initialize" "EBMRAlgorithmFast4$new" 
"solve.default" "solve" "W" "doTryCatch" "tryCatchOne" "tryCatchList" "tryCatch" "private$gmm" "self$WangShaoKim2014" "initialize" "EBMRAlgorithmFast4$new" 
"*" "g" "cache" "fn" "<Anonymous>" ".External2" "optim" "private$gmm" "self$WangShaoKim2014" "initialize" "EBMRAlgorithmFast4$new" 
"-" "ebmr$EBMR_IPW" 
".colMeans" "matrix" "cache" "fn" "<Anonymous>" ".External2" "optim" "private$gmm" "self$WangShaoKim2014" "initialize" "EBMRAlgorithmFast4$new" 
"*" "Gamma_direct" "gr" "<Anonymous>" ".External2" "optim" "private$gmm" "self$WangShaoKim2014" "initialize" "EBMRAlgorithmFast4$new" 
"identical" "get_pi_vec" "Gamma_direct" "conv_grad_fast" "private$gmm" "self$WangShaoKim2014" "initialize" "EBMRAlgorithmFast4$new" 
"crossprod" "Gamma_direct" "gr" "<Anonymous>" ".External2" "optim" "private$gmm" "self$WangShaoKim2014" "initialize" "EBMRAlgorithmFast4$new" 
"diag" "solve.default" "solve" "W" "doTryCatch" "tryCatchOne" "tryCatchList" "tryCatch" "Q_full" "doTryCatch" "tryCatchOne" "tryCatchList" "tryCatch" "private$gmm" "self$WangShaoKim2014" "initialize" "EBMRAlgorithmFast4$new" 
"*" "Gamma_direct" "gr" "<Anonymous>" ".External2" "optim" "private$gmm" "self$WangShaoKim2014" "initialize" "EBMRAlgorithmFast4$new" 
"private$gmm" "self$WangShaoKim2014" "initialize" "EBMRAlgorithmFast4$new" 
".colMeans" "matrix" "cache" "fn" "<Anonymous>" ".External2" "optim" "private$gmm" "self$WangShaoKim2014" "initialize" "EBMRAlgorithmFast4$new" 
".External2" "optim" "private$gmm" "self$WangShaoKim2014" "initialize" "EBMRAlgorithmFast4$new" 
"ebmr$EBMR_IPW" 
"exp" "compute_pi" "as.vector" "get_pi_vec" "g" "cache" "fn" "<Anonymous>" ".External2" "optim" "private$gmm" "self$WangShaoKim2014" "initialize" "EBMRAlgorithmFast4$new" 
"crossprod" "Gamma_direct" "gr" "<Anonymous>" ".External2" "optim" "private$gmm" "self$WangShaoKim2014" "initialize" "EBMRAlgorithmFast4$new" 
"exp" "compute_pi" "as.vector" "get_pi_vec" "g" "cache" "fn" "<Anonymous>" ".External2" "optim" "private$gmm" "self$WangShaoKim2014" "initialize" "EBMRAlgorithmFast4$new" 
"matrix" "cache" "fn" "<Anonymous>" ".External2" "optim" "private$gmm" "self$WangShaoKim2014" "initialize" "EBMRAlgorithmFast4$new" 
"crossprod" "Gamma_direct" "gr" "<Anonymous>" ".External2" "optim" "private$gmm" "self$WangShaoKim2014" "initialize" "EBMRAlgorithmFast4$new" 
"*" "Gamma_direct" "gr" "<Anonymous>" ".External2" "optim" "private$gmm" "self$WangShaoKim2014" "initialize" "EBMRAlgorithmFast4$new" 
"as.vector" "self$WangShaoKim2014" "initialize" "EBMRAlgorithmFast4$new" 
"as.vector" "gr" "<Anonymous>" ".External2" "optim" "private$gmm" "self$WangShaoKim2014" "initialize" "EBMRAlgorithmFast4$new" 
"*" "Gamma_direct" "gr" "<Anonymous>" ".External2" "optim" "private$gmm" "self$WangShaoKim2014" "initialize" "EBMRAlgorithmFast4$new" 
"crossprod" "Gamma_direct" "gr" "<Anonymous>" ".External2" "optim" "private$gmm" "self$WangShaoKim2014" "initialize" "EBMRAlgorithmFast4$new" 
"dim" "nrow" "diag" "solve.default" "solve" "W" "doTryCatch" "tryCatchOne" "tryCatchList" "tryCatch" "private$gmm" "self$WangShaoKim2014" "initialize" "EBMRAlgorithmFast4$new" 
"cache" "fn" "<Anonymous>" ".External2" "optim" "private$gmm" "self$WangShaoKim2014" "initialize" "EBMRAlgorithmFast4$new" 
"crossprod" "Gamma_direct" "gr" "<Anonymous>" ".External2" "optim" "private$gmm" "self$WangShaoKim2014" "initialize" "EBMRAlgorithmFast4$new" 
"t.default" "t" "solve" "W" "doTryCatch" "tryCatchOne" "tryCatchList" "tryCatch" "Q_full" "FUN" "vapply" "doTryCatch" "tryCatchOne" "tryCatchList" "tryCatch" "private$gmm" "self$WangShaoKim2014" "initialize" "EBMRAlgorithmFast4$new" 
"as.vector" "self$WangShaoKim2014" "initialize" "EBMRAlgorithmFast4$new" 
"exp" "compute_pi" "as.vector" "get_pi_vec" "g" "cache" "fn" "<Anonymous>" ".External2" "optim" "private$gmm" "self$WangShaoKim2014" "initialize" "EBMRAlgorithmFast4$new" 
"pmax" "pmin" "compute_pi" "as.vector" "get_pi_vec" "g" "cache" "fn" "<Anonymous>" ".External2" "optim" "private$gmm" "self$WangShaoKim2014" "initialize" "EBMRAlgorithmFast4$new" 
"pmin" "compute_pi" "as.vector" "get_pi_vec" "g" "cache" "fn" "<Anonymous>" ".External2" "optim" "private$gmm" "self$WangShaoKim2014" "initialize" "EBMRAlgorithmFast4$new" 
"%*%" "solve" "W" "doTryCatch" "tryCatchOne" "tryCatchList" "tryCatch" "private$gmm" "self$WangShaoKim2014" "initialize" "EBMRAlgorithmFast4$new" 
"Q_full" "FUN" "vapply" "doTryCatch" "tryCatchOne" "tryCatchList" "tryCatch" "private$gmm" "self$WangShaoKim2014" "initialize" "EBMRAlgorithmFast4$new" 
"cache" "gr" "<Anonymous>" ".External2" "optim" "private$gmm" "self$WangShaoKim2014" "initialize" "EBMRAlgorithmFast4$new" 
"*" "g" "cache" "fn" "<Anonymous>" ".External2" "optim" "private$gmm" "self$WangShaoKim2014" "initialize" "EBMRAlgorithmFast4$new" 
"cache" "fn" "<Anonymous>" ".External2" "optim" "private$gmm" "self$WangShaoKim2014" "initialize" "EBMRAlgorithmFast4$new" 
"dg" "t_Gamma_i" "private$gmm" "self$WangShaoKim2014" "initialize" "EBMRAlgorithmFast4$new" 
"exp" "compute_pi" "as.vector" "get_pi_vec" "g" "cache" "fn" "<Anonymous>" ".External2" "optim" "private$gmm" "self$WangShaoKim2014" "initialize" "EBMRAlgorithmFast4$new" 
"get_pi_vec" "g" "cache" "fn" "<Anonymous>" ".External2" "optim" "private$gmm" "self$WangShaoKim2014" "initialize" "EBMRAlgorithmFast4$new" 
"private$gmm" "self$WangShaoKim2014" "initialize" "EBMRAlgorithmFast4$new" 
"exp" "compute_pi" "as.vector" "get_pi_vec" "g" "cache" "fn" "<Anonymous>" ".External2" "optim" "private$gmm" "self$WangShaoKim2014" "initialize" "EBMRAlgorithmFast4$new" 
"%in%" "[[.data.frame" "[[" "[.data.frame" "[" 
"%*%" "as.vector" "pmax" "pmin" "compute_pi" "as.vector" "get_pi_vec" "g" "cache" "fn" "<Anonymous>" ".External2" "optim" "private$gmm" "self$WangShaoKim2014" "initialize" "EBMRAlgorithmFast4$new" 
"crossprod" "Gamma_direct" "gr" "<Anonymous>" ".External2" "optim" "private$gmm" "self$WangShaoKim2014" "initialize" "EBMRAlgorithmFast4$new" 
"exp" "compute_pi" "as.vector" "get_pi_vec" "g" "cache" "fn" "<Anonymous>" ".External2" "optim" "private$gmm" "self$WangShaoKim2014" "initialize" "EBMRAlgorithmFast4$new" 
"crossprod" "Gamma_direct" "gr" "<Anonymous>" ".External2" "optim" "private$gmm" "self$WangShaoKim2014" "initialize" "EBMRAlgorithmFast4$new" 
"lapply" "assign_func_envs" "EBMRAlgorithmFast4$new" 
"%*%" "as.vector" "pmax" "pmin" "compute_pi" "as.vector" "get_pi_vec" "g" "cache" "fn" "<Anonymous>" ".External2" "optim" "private$gmm" "self$WangShaoKim2014" "initialize" "EBMRAlgorithmFast4$new" 
"+" "compute_pi" "as.vector" "get_pi_vec" "g" "cache" "fn" "<Anonymous>" ".External2" "optim" "private$gmm" "self$WangShaoKim2014" "initialize" "EBMRAlgorithmFast4$new" 
"cache" "fn" "<Anonymous>" ".External2" "optim" "private$gmm" "self$WangShaoKim2014" "initialize" "EBMRAlgorithmFast4$new" 
"crossprod" "Gamma_direct" "gr" "<Anonymous>" ".External2" "optim" "private$gmm" "self$WangShaoKim2014" "initialize" "EBMRAlgorithmFast4$new" 
"as.vector" "ebmr$EBMR_IPW" 
"crossprod" "Gamma_direct" "gr" "<Anonymous>" ".External2" "optim" "private$gmm" "self$WangShaoKim2014" "initialize" "EBMRAlgorithmFast4$new" 
"crossprod" "Gamma_direct" "gr" "<Anonymous>" ".External2" "optim" "private$gmm" "self$WangShaoKim2014" "initialize" "EBMRAlgorithmFast4$new" 
"crossprod" "Gamma_direct" "gr" "<Anonymous>" ".External2" "optim" "private$gmm" "self$WangShaoKim2014" "initialize" "EBMRAlgorithmFast4$new" 
"is.factor" "FUN" "vapply" "order" "make.names" "<Anonymous>" "do.call" "as.data.frame.list" "as.data.frame" "private$separate_variable_types" "self$WangShaoKim2014" "initialize" "EBMRAlgorithmFast4$new" 
"proj_grad_norm" "private$gmm" "self$WangShaoKim2014" "initialize" "EBMRAlgorithmFast4$new" 
"pmin" "compute_pi" "as.vector" "get_pi_vec" "g" "cache" "fn" "<Anonymous>" ".External2" "optim" "private$gmm" "self$WangShaoKim2014" "initialize" "EBMRAlgorithmFast4$new" 
"crossprod" "d2g" "Gamma_2" "private$gmm" "self$WangShaoKim2014" "initialize" "EBMRAlgorithmFast4$new" 
"crossprod" "Gamma_direct" "gr" "<Anonymous>" ".External2" "optim" "private$gmm" "self$WangShaoKim2014" "initialize" "EBMRAlgorithmFast4$new" 
"*" "Gamma_direct" "gr" "<Anonymous>" ".External2" "optim" "private$gmm" "self$WangShaoKim2014" "initialize" "EBMRAlgorithmFast4$new" 
".colMeans" "matrix" "cache" "fn" "<Anonymous>" ".External2" "optim" "private$gmm" "self$WangShaoKim2014" "initialize" "EBMRAlgorithmFast4$new" 
"crossprod" "Gamma_direct" "conv_grad_fast" "private$gmm" "self$WangShaoKim2014" "initialize" "EBMRAlgorithmFast4$new" 
"%*%" "as.vector" "pmax" "pmin" "compute_pi" "as.vector" "get_pi_vec" "g" "cache" "fn" "<Anonymous>" ".External2" "optim" "private$gmm" "self$WangShaoKim2014" "initialize" "EBMRAlgorithmFast4$new" 
"length" "list2env2" "EBMRAlgorithmFast4$new" 
"exp" "compute_pi" "as.vector" "get_pi_vec" "g" "cache" "fn" "<Anonymous>" ".External2" "optim" "private$gmm" "self$WangShaoKim2014" "initialize" "EBMRAlgorithmFast4$new" 
"pmin" "compute_pi" "as.vector" "get_pi_vec" "g" "cache" "fn" "<Anonymous>" ".External2" "optim" "private$gmm" "self$WangShaoKim2014" "initialize" "EBMRAlgorithmFast4$new" 
"*" "Gamma_direct" "gr" "<Anonymous>" ".External2" "optim" "private$gmm" "self$WangShaoKim2014" "initialize" "EBMRAlgorithmFast4$new" 
"%*%" "as.vector" "pmax" "pmin" "compute_pi" "as.vector" "get_pi_vec" "g" "cache" "fn" "<Anonymous>" ".External2" "optim" "private$gmm" "self$WangShaoKim2014" "initialize" "EBMRAlgorithmFast4$new" 
".External2" "optim" "private$gmm" "self$WangShaoKim2014" "initialize" "EBMRAlgorithmFast4$new" 
"[" "lapply" ".getXlevels" "lm" "model.matrix" "self$WangShaoKim2014" "initialize" "EBMRAlgorithmFast4$new" 
"exp" "compute_pi" "as.vector" "get_pi_vec" "g" "cache" "fn" "<Anonymous>" ".External2" "optim" "private$gmm" "self$WangShaoKim2014" "initialize" "EBMRAlgorithmFast4$new" 
"%*%" "as.vector" "pmax" "pmin" "compute_pi" "as.vector" "get_pi_vec" "g" "cache" "fn" "<Anonymous>" ".External2" "optim" "private$gmm" "self$WangShaoKim2014" "initialize" "EBMRAlgorithmFast4$new" 
"pmin" "compute_pi" "as.vector" "get_pi_vec" "g" "cache" "fn" "<Anonymous>" ".External2" "optim" "private$gmm" "self$WangShaoKim2014" "initialize" "EBMRAlgorithmFast4$new" 
"/" "compute_pi" "as.vector" "get_pi_vec" "g" "cache" "fn" "<Anonymous>" ".External2" "optim" "private$gmm" "self$WangShaoKim2014" "initialize" "EBMRAlgorithmFast4$new" 
"%*%" "solve" "W" "doTryCatch" "tryCatchOne" "tryCatchList" "tryCatch" "private$gmm" "self$WangShaoKim2014" "initialize" "EBMRAlgorithmFast4$new" 
"%*%" "solve" "W" "doTryCatch" "tryCatchOne" "tryCatchList" "tryCatch" "Q_full" "FUN" "vapply" "doTryCatch" "tryCatchOne" "tryCatchList" "tryCatch" "private$gmm" "self$WangShaoKim2014" "initialize" "EBMRAlgorithmFast4$new" 
"FUN" "vapply" "pmax" "pmin" "compute_pi" "as.vector" "get_pi_vec" "g" "cache" "fn" "<Anonymous>" ".External2" "optim" "private$gmm" "self$WangShaoKim2014" "initialize" "EBMRAlgorithmFast4$new" 
"nrow" "diag" "solve.default" "solve" "W" "doTryCatch" "tryCatchOne" "tryCatchList" "tryCatch" "private$gmm" "self$WangShaoKim2014" "initialize" "EBMRAlgorithmFast4$new" 
"conv_grad" "proj_grad_norm" "private$gmm" "self$WangShaoKim2014" "initialize" "EBMRAlgorithmFast4$new" 
"%*%" "private$gmm" "self$WangShaoKim2014" "initialize" "EBMRAlgorithmFast4$new" 
"exp" "compute_pi" "as.vector" "get_pi_vec" "g" "cache" "fn" "<Anonymous>" ".External2" "optim" "private$gmm" "self$WangShaoKim2014" "initialize" "EBMRAlgorithmFast4$new" 
"cache" "gr" "<Anonymous>" ".External2" "optim" "private$gmm" "self$WangShaoKim2014" "initialize" "EBMRAlgorithmFast4$new" 
"exp" "compute_pi" "as.vector" "get_pi_vec" "g" "cache" "fn" "<Anonymous>" ".External2" "optim" "private$gmm" "self$WangShaoKim2014" "initialize" "EBMRAlgorithmFast4$new" 
"crossprod" "Gamma_direct" "gr" "<Anonymous>" ".External2" "optim" "private$gmm" "self$WangShaoKim2014" "initialize" "EBMRAlgorithmFast4$new" 
"EBMRAlgorithmFast4$new" 
"crossprod" "Gamma_direct" "gr" "<Anonymous>" ".External2" "optim" "private$gmm" "self$WangShaoKim2014" "initialize" "EBMRAlgorithmFast4$new" 
"t.default" "t" "solve" "W" "doTryCatch" "tryCatchOne" "tryCatchList" "tryCatch" "private$gmm" "self$WangShaoKim2014" "initialize" "EBMRAlgorithmFast4$new" 
"pmin" "compute_pi" "as.vector" "get_pi_vec" "g" "cache" "fn" "<Anonymous>" ".External2" "optim" "private$gmm" "self$WangShaoKim2014" "initialize" "EBMRAlgorithmFast4$new" 
"array" "as.matrix.default" "as.matrix" "standardGeneric" "as.matrix" "ebmr$EBMR_IPW" 
"crossprod" "Gamma_direct" "gr" "<Anonymous>" ".External2" "optim" "private$gmm" "self$WangShaoKim2014" "initialize" "EBMRAlgorithmFast4$new" 
"exp" "compute_pi" "as.vector" "get_pi_vec" "g" "cache" "fn" "<Anonymous>" ".External2" "optim" "private$gmm" "self$WangShaoKim2014" "initialize" "EBMRAlgorithmFast4$new" 
"as.vector" "pmax" "pmin" "compute_pi" "as.vector" "get_pi_vec" "g" "cache" "fn" "<Anonymous>" ".External2" "optim" "private$gmm" "self$WangShaoKim2014" "initialize" "EBMRAlgorithmFast4$new" 
"*" "g" "cache" "fn" "<Anonymous>" ".External2" "optim" "private$gmm" "self$WangShaoKim2014" "initialize" "EBMRAlgorithmFast4$new" 
"*" "g" "cache" "fn" "<Anonymous>" ".External2" "optim" "private$gmm" "self$WangShaoKim2014" "initialize" "EBMRAlgorithmFast4$new" 
"*" "g" "cache" "fn" "<Anonymous>" ".External2" "optim" "private$gmm" "self$WangShaoKim2014" "initialize" "EBMRAlgorithmFast4$new" 
"*" "g" "cache" "fn" "<Anonymous>" ".External2" "optim" "private$gmm" "self$WangShaoKim2014" "initialize" "EBMRAlgorithmFast4$new" 
"*" "g" "cache" "fn" "<Anonymous>" ".External2" "optim" "private$gmm" "self$WangShaoKim2014" "initialize" "EBMRAlgorithmFast4$new" 
"*" "g" "cache" "fn" "<Anonymous>" ".External2" "optim" "private$gmm" "self$WangShaoKim2014" "initialize" "EBMRAlgorithmFast4$new" 
"*" "g" "cache" "fn" "<Anonymous>" ".External2" "optim" "private$gmm" "self$WangShaoKim2014" "initialize" "EBMRAlgorithmFast4$new" 
"*" "g" "cache" "fn" "<Anonymous>" ".External2" "optim" "private$gmm" "self$WangShaoKim2014" "initialize" "EBMRAlgorithmFast4$new" 
"colMeans" "Gamma" "private$gmm" "self$WangShaoKim2014" "initialize" "EBMRAlgorithmFast4$new" 
"exp" "compute_pi" "as.vector" "get_pi_vec" "g" "cache" "fn" "<Anonymous>" ".External2" "optim" "private$gmm" "self$WangShaoKim2014" "initialize" "EBMRAlgorithmFast4$new" 
"get_pi_vec" "Gamma_direct" "conv_grad_fast" "private$gmm" "self$WangShaoKim2014" "initialize" "EBMRAlgorithmFast4$new" 
"crossprod" "Gamma_direct" "gr" "<Anonymous>" ".External2" "optim" "private$gmm" "self$WangShaoKim2014" "initialize" "EBMRAlgorithmFast4$new" 
"pmax" "pmin" "compute_pi" "as.vector" "get_pi_vec" "g" "Q_full" "doTryCatch" "tryCatchOne" "tryCatchList" "tryCatch" "private$gmm" "self$WangShaoKim2014" "initialize" "EBMRAlgorithmFast4$new" 
"gr" "<Anonymous>" ".External2" "optim" "private$gmm" "self$WangShaoKim2014" "initialize" "EBMRAlgorithmFast4$new" 
"crossprod" "Gamma_direct" "gr" "<Anonymous>" ".External2" "optim" "private$gmm" "self$WangShaoKim2014" "initialize" "EBMRAlgorithmFast4$new" 
"pmin" "compute_pi" "as.vector" "get_pi_vec" "g" "cache" "fn" "<Anonymous>" ".External2" "optim" "private$gmm" "self$WangShaoKim2014" "initialize" "EBMRAlgorithmFast4$new" 
"as.vector" "private$gmm" "self$WangShaoKim2014" "initialize" "EBMRAlgorithmFast4$new" 
"fn" "<Anonymous>" ".External2" "optim" "private$gmm" "self$WangShaoKim2014" "initialize" "EBMRAlgorithmFast4$new" 
"crossprod" "Gamma_direct" "gr" "<Anonymous>" ".External2" "optim" "private$gmm" "self$WangShaoKim2014" "initialize" "EBMRAlgorithmFast4$new" 
"*" "Gamma_direct" "gr" "<Anonymous>" ".External2" "optim" "private$gmm" "self$WangShaoKim2014" "initialize" "EBMRAlgorithmFast4$new" 
"%*%" "solve" "W" "doTryCatch" "tryCatchOne" "tryCatchList" "tryCatch" "conv_grad" "proj_grad_norm" "private$gmm" "self$WangShaoKim2014" "initialize" "EBMRAlgorithmFast4$new" 
"as.vector" "pmax" "pmin" "compute_pi" "as.vector" "get_pi_vec" "g" "cache" "fn" "<Anonymous>" ".External2" "optim" "private$gmm" "self$WangShaoKim2014" "initialize" "EBMRAlgorithmFast4$new" 
"exp" "compute_pi" "as.vector" "get_pi_vec" "g" "cache" "fn" "<Anonymous>" ".External2" "optim" "private$gmm" "self$WangShaoKim2014" "initialize" "EBMRAlgorithmFast4$new" 
"cache" "fn" "<Anonymous>" ".External2" "optim" "private$gmm" "self$WangShaoKim2014" "initialize" "EBMRAlgorithmFast4$new" 
".colMeans" "matrix" "cache" "fn" "<Anonymous>" ".External2" "optim" "private$gmm" "self$WangShaoKim2014" "initialize" "EBMRAlgorithmFast4$new" 
"cache" "gr" "<Anonymous>" ".External2" "optim" "private$gmm" "self$WangShaoKim2014" "initialize" "EBMRAlgorithmFast4$new" 
"crossprod" "Gamma_direct" "gr" "<Anonymous>" ".External2" "optim" "private$gmm" "self$WangShaoKim2014" "initialize" "EBMRAlgorithmFast4$new" 
"factor" "as.factor" "self$WangShaoKim2014" "initialize" "EBMRAlgorithmFast4$new" 
"cache" "gr" "<Anonymous>" ".External2" "optim" "private$gmm" "self$WangShaoKim2014" "initialize" "EBMRAlgorithmFast4$new" 
"*" "Gamma_direct" "conv_grad_fast" "private$gmm" "self$WangShaoKim2014" "initialize" "EBMRAlgorithmFast4$new" 
"exp" "compute_pi" "as.vector" "get_pi_vec" "g" "Q_full" "doTryCatch" "tryCatchOne" "tryCatchList" "tryCatch" "private$gmm" "self$WangShaoKim2014" "initialize" "EBMRAlgorithmFast4$new" 
"exp" "compute_pi" "as.vector" "get_pi_vec" "g" "cache" "fn" "<Anonymous>" ".External2" "optim" "private$gmm" "self$WangShaoKim2014" "initialize" "EBMRAlgorithmFast4$new" 
"pmin" "compute_pi" "as.vector" "get_pi_vec" "g" "cache" "fn" "<Anonymous>" ".External2" "optim" "private$gmm" "self$WangShaoKim2014" "initialize" "EBMRAlgorithmFast4$new" 
"exp" "compute_pi" "as.vector" "get_pi_vec" "g" "cache" "fn" "<Anonymous>" ".External2" "optim" "private$gmm" "self$WangShaoKim2014" "initialize" "EBMRAlgorithmFast4$new" 
"matrix" "cache" "fn" "<Anonymous>" ".External2" "optim" "private$gmm" "self$WangShaoKim2014" "initialize" "EBMRAlgorithmFast4$new" 
"<Anonymous>" ".External2" "optim" "private$gmm" "self$WangShaoKim2014" "initialize" "EBMRAlgorithmFast4$new" 
"exp" "compute_pi" "as.vector" "get_pi_vec" "g" "cache" "fn" "<Anonymous>" ".External2" "optim" "private$gmm" "self$WangShaoKim2014" "initialize" "EBMRAlgorithmFast4$new" 
"Gamma_direct" "gr" "<Anonymous>" ".External2" "optim" "private$gmm" "self$WangShaoKim2014" "initialize" "EBMRAlgorithmFast4$new" 
"/" "g" "cache" "fn" "<Anonymous>" ".External2" "optim" "private$gmm" "self$WangShaoKim2014" "initialize" "EBMRAlgorithmFast4$new" 
"%*%" "private$gmm" "self$WangShaoKim2014" "initialize" "EBMRAlgorithmFast4$new" 
"exp" "compute_pi" "as.vector" "get_pi_vec" "g" "cache" "fn" "<Anonymous>" ".External2" "optim" "private$gmm" "self$WangShaoKim2014" "initialize" "EBMRAlgorithmFast4$new" 
"<Anonymous>" ".External2" "optim" "private$gmm" "self$WangShaoKim2014" "initialize" "EBMRAlgorithmFast4$new" 
"*" "Gamma_direct" "gr" "<Anonymous>" ".External2" "optim" "private$gmm" "self$WangShaoKim2014" "initialize" "EBMRAlgorithmFast4$new" 
"unique" "factor" "as.factor" "self$WangShaoKim2014" "initialize" "EBMRAlgorithmFast4$new" 
"exp" "compute_pi" "as.vector" "get_pi_vec" "g" "cache" "fn" "<Anonymous>" ".External2" "optim" "private$gmm" "self$WangShaoKim2014" "initialize" "EBMRAlgorithmFast4$new" 
"exp" "compute_pi" "as.vector" "get_pi_vec" "g" "cache" "fn" "<Anonymous>" ".External2" "optim" "private$gmm" "self$WangShaoKim2014" "initialize" "EBMRAlgorithmFast4$new" 
"exp" "compute_pi" "as.vector" "get_pi_vec" "g" "cache" "fn" "<Anonymous>" ".External2" "optim" "private$gmm" "self$WangShaoKim2014" "initialize" "EBMRAlgorithmFast4$new" 
"%*%" "as.vector" "pmax" "pmin" "compute_pi" "as.vector" "get_pi_vec" "g" "private$gmm" "self$WangShaoKim2014" "initialize" "EBMRAlgorithmFast4$new" 
"crossprod" "Gamma_direct" "gr" "<Anonymous>" ".External2" "optim" "private$gmm" "self$WangShaoKim2014" "initialize" "EBMRAlgorithmFast4$new" 
"exp" "compute_pi" "as.vector" "get_pi_vec" "g" "cache" "fn" "<Anonymous>" ".External2" "optim" "private$gmm" "self$WangShaoKim2014" "initialize" "EBMRAlgorithmFast4$new" 
"*" "g" "cache" "fn" "<Anonymous>" ".External2" "optim" "private$gmm" "self$WangShaoKim2014" "initialize" "EBMRAlgorithmFast4$new" 
"cache" "fn" "<Anonymous>" ".External2" "optim" "private$gmm" "self$WangShaoKim2014" "initialize" "EBMRAlgorithmFast4$new" 
".External" "terms.formula" "terms" "model.matrix.default" "model.matrix" "private$build_design_matrix" "self$WangShaoKim2014" "initialize" "EBMRAlgorithmFast4$new" 
"crossprod" "Gamma_direct" "gr" "<Anonymous>" ".External2" "optim" "private$gmm" "self$WangShaoKim2014" "initialize" "EBMRAlgorithmFast4$new" 
"exp" "compute_pi" "as.vector" "get_pi_vec" "g" "cache" "fn" "<Anonymous>" ".External2" "optim" "private$gmm" "self$WangShaoKim2014" "initialize" "EBMRAlgorithmFast4$new" 
"crossprod" "Gamma_direct" "gr" "<Anonymous>" ".External2" "optim" "private$gmm" "self$WangShaoKim2014" "initialize" "EBMRAlgorithmFast4$new" 
"private$gmm" "self$WangShaoKim2014" "initialize" "EBMRAlgorithmFast4$new" 
"sys.call" "%in%" "[[.data.frame" "[[" "model.frame.default" "stats::model.frame" "eval" "eval" "lm" "model.matrix" "self$WangShaoKim2014" "initialize" "EBMRAlgorithmFast4$new" 
"exp" "compute_pi" "as.vector" "get_pi_vec" "g" "cache" "fn" "<Anonymous>" ".External2" "optim" "private$gmm" "self$WangShaoKim2014" "initialize" "EBMRAlgorithmFast4$new" 
".External2" "optim" "private$gmm" "self$WangShaoKim2014" "initialize" "EBMRAlgorithmFast4$new" 
"exp" "compute_pi" "as.vector" "get_pi_vec" "g" "Q_full" "FUN" "vapply" "doTryCatch" "tryCatchOne" "tryCatchList" "tryCatch" "private$gmm" "self$WangShaoKim2014" "initialize" "EBMRAlgorithmFast4$new" 
"exp" "compute_pi" "as.vector" "get_pi_vec" "g" "cache" "fn" "<Anonymous>" ".External2" "optim" "private$gmm" "self$WangShaoKim2014" "initialize" "EBMRAlgorithmFast4$new" 
"private$gmm" "self$WangShaoKim2014" "initialize" "EBMRAlgorithmFast4$new" 
"crossprod" "Gamma_direct" "conv_grad_fast" "private$gmm" "self$WangShaoKim2014" "initialize" "EBMRAlgorithmFast4$new" 
"%*%" "solve" "W" "doTryCatch" "tryCatchOne" "tryCatchList" "tryCatch" "conv_grad" "proj_grad_norm" "private$gmm" "self$WangShaoKim2014" "initialize" "EBMRAlgorithmFast4$new" 
"factor" "as.factor" "self$WangShaoKim2014" "initialize" "EBMRAlgorithmFast4$new" 
"*" "Gamma_direct" "gr" "<Anonymous>" ".External2" "optim" "private$gmm" "self$WangShaoKim2014" "initialize" "EBMRAlgorithmFast4$new" 
"exp" "compute_pi" "as.vector" "get_pi_vec" "g" "cache" "fn" "<Anonymous>" ".External2" "optim" "private$gmm" "self$WangShaoKim2014" "initialize" "EBMRAlgorithmFast4$new" 
"%*%" "solve" "W" "doTryCatch" "tryCatchOne" "tryCatchList" "tryCatch" "private$gmm" "self$WangShaoKim2014" "initialize" "EBMRAlgorithmFast4$new" 
"vapply" "pmax" "pmin" "compute_pi" "as.vector" "get_pi_vec" "g" "cache" "fn" "<Anonymous>" ".External2" "optim" "private$gmm" "self$WangShaoKim2014" "initialize" "EBMRAlgorithmFast4$new" 
"unique.default" "unique" "private$separate_variable_types" "self$WangShaoKim2014" "initialize" "EBMRAlgorithmFast4$new" 
"proj_grad_norm" "private$gmm" "self$WangShaoKim2014" "initialize" "EBMRAlgorithmFast4$new" 
"%*%" "solve" "W" "doTryCatch" "tryCatchOne" "tryCatchList" "tryCatch" "private$gmm" "self$WangShaoKim2014" "initialize" "EBMRAlgorithmFast4$new" 
"crossprod" "Gamma_direct" "gr" "<Anonymous>" ".External2" "optim" "private$gmm" "self$WangShaoKim2014" "initialize" "EBMRAlgorithmFast4$new" 
"W" "doTryCatch" "tryCatchOne" "tryCatchList" "tryCatch" "private$gmm" "self$WangShaoKim2014" "initialize" "EBMRAlgorithmFast4$new" 
".colMeans" "matrix" "cache" "fn" "<Anonymous>" ".External2" "optim" "private$gmm" "self$WangShaoKim2014" "initialize" "EBMRAlgorithmFast4$new" 
"exp" "compute_pi" "as.vector" "get_pi_vec" "g" "Q_full" "doTryCatch" "tryCatchOne" "tryCatchList" "tryCatch" "private$gmm" "self$WangShaoKim2014" "initialize" "EBMRAlgorithmFast4$new" 
"*" "Gamma_direct" "gr" "<Anonymous>" ".External2" "optim" "private$gmm" "self$WangShaoKim2014" "initialize" "EBMRAlgorithmFast4$new" 
".colMeans" "matrix" "cache" "fn" "<Anonymous>" ".External2" "optim" "private$gmm" "self$WangShaoKim2014" "initialize" "EBMRAlgorithmFast4$new" 
"*" "g" "cache" "fn" "<Anonymous>" ".External2" "optim" "private$gmm" "self$WangShaoKim2014" "initialize" "EBMRAlgorithmFast4$new" 
"crossprod" "Gamma_direct" "conv_grad_fast" "private$gmm" "self$WangShaoKim2014" "initialize" "EBMRAlgorithmFast4$new" 
"t" "solve" "W" "doTryCatch" "tryCatchOne" "tryCatchList" "tryCatch" "private$gmm" "self$WangShaoKim2014" "initialize" "EBMRAlgorithmFast4$new" 
"solve" "W" "doTryCatch" "tryCatchOne" "tryCatchList" "tryCatch" "Q_full" "doTryCatch" "tryCatchOne" "tryCatchList" "tryCatch" "private$gmm" "self$WangShaoKim2014" "initialize" "EBMRAlgorithmFast4$new" 
"as.vector" "gr" "<Anonymous>" ".External2" "optim" "private$gmm" "self$WangShaoKim2014" "initialize" "EBMRAlgorithmFast4$new" 
"exp" "compute_pi" "as.vector" "get_pi_vec" "g" "cache" "fn" "<Anonymous>" ".External2" "optim" "private$gmm" "self$WangShaoKim2014" "initialize" "EBMRAlgorithmFast4$new" 
"gr" "<Anonymous>" ".External2" "optim" "private$gmm" "self$WangShaoKim2014" "initialize" "EBMRAlgorithmFast4$new" 
"colMeans" "Gamma" "private$gmm" "self$WangShaoKim2014" "initialize" "EBMRAlgorithmFast4$new" 
"crossprod" "as.vector" "gr" "<Anonymous>" ".External2" "optim" "private$gmm" "self$WangShaoKim2014" "initialize" "EBMRAlgorithmFast4$new" 
"identical" "get_pi_vec" "g" "cache" "fn" "<Anonymous>" ".External2" "optim" "private$gmm" "self$WangShaoKim2014" "initialize" "EBMRAlgorithmFast4$new" 
"*" "Gamma_direct" "gr" "<Anonymous>" ".External2" "optim" "private$gmm" "self$WangShaoKim2014" "initialize" "EBMRAlgorithmFast4$new" 
"as.vector" "ebmr$EBMR_IPW" 
"pmax" "pmin" "compute_pi" "as.vector" "get_pi_vec" "g" "cache" "fn" "<Anonymous>" ".External2" "optim" "private$gmm" "self$WangShaoKim2014" "initialize" "EBMRAlgorithmFast4$new" 
"get_pi_vec" "g" "cache" "fn" "<Anonymous>" ".External2" "optim" "private$gmm" "self$WangShaoKim2014" "initialize" "EBMRAlgorithmFast4$new" 
"exp" "compute_pi" "as.vector" "get_pi_vec" "g" "Q_full" "FUN" "vapply" "doTryCatch" "tryCatchOne" "tryCatchList" "tryCatch" "private$gmm" "self$WangShaoKim2014" "initialize" "EBMRAlgorithmFast4$new" 
"-" "g" "cache" "fn" "<Anonymous>" ".External2" "optim" "private$gmm" "self$WangShaoKim2014" "initialize" "EBMRAlgorithmFast4$new" 
"exp" "compute_pi" "as.vector" "get_pi_vec" "g" "cache" "fn" "<Anonymous>" ".External2" "optim" "private$gmm" "self$WangShaoKim2014" "initialize" "EBMRAlgorithmFast4$new" 
"pmax" "pmin" "compute_pi" "as.vector" "get_pi_vec" "g" "cache" "fn" "<Anonymous>" ".External2" "optim" "private$gmm" "self$WangShaoKim2014" "initialize" "EBMRAlgorithmFast4$new" 
"exp" "compute_pi" "model" "as.vector" "self$WangShaoKim2014" "initialize" "EBMRAlgorithmFast4$new" 
"crossprod" "Gamma_direct" "gr" "<Anonymous>" ".External2" "optim" "private$gmm" "self$WangShaoKim2014" "initialize" "EBMRAlgorithmFast4$new" 
"exp" "compute_pi" "as.vector" "get_pi_vec" "g" "cache" "fn" "<Anonymous>" ".External2" "optim" "private$gmm" "self$WangShaoKim2014" "initialize" "EBMRAlgorithmFast4$new" 
"crossprod" "Gamma_direct" "gr" "<Anonymous>" ".External2" "optim" "private$gmm" "self$WangShaoKim2014" "initialize" "EBMRAlgorithmFast4$new" 
"crossprod" "Gamma_direct" "gr" "<Anonymous>" ".External2" "optim" "private$gmm" "self$WangShaoKim2014" "initialize" "EBMRAlgorithmFast4$new" 
"factor" "as.factor" "self$WangShaoKim2014" "initialize" "EBMRAlgorithmFast4$new" 
"==" "Gamma_direct" "gr" "<Anonymous>" ".External2" "optim" "private$gmm" "self$WangShaoKim2014" "initialize" "EBMRAlgorithmFast4$new" 
"%*%" "as.vector" "pmax" "pmin" "compute_pi" "as.vector" "get_pi_vec" "g" "cache" "fn" "<Anonymous>" ".External2" "optim" "private$gmm" "self$WangShaoKim2014" "initialize" "EBMRAlgorithmFast4$new" 
"vapply" "pmax" "pmin" "compute_pi" "as.vector" "get_pi_vec" "g" "cache" "fn" "<Anonymous>" ".External2" "optim" "private$gmm" "self$WangShaoKim2014" "initialize" "EBMRAlgorithmFast4$new" 
"crossprod" "Gamma_direct" "gr" "<Anonymous>" ".External2" "optim" "private$gmm" "self$WangShaoKim2014" "initialize" "EBMRAlgorithmFast4$new" 
"exp" "compute_pi" "as.vector" "get_pi_vec" "g" "cache" "fn" "<Anonymous>" ".External2" "optim" "private$gmm" "self$WangShaoKim2014" "initialize" "EBMRAlgorithmFast4$new" 
"exp" "compute_pi" "as.vector" "get_pi_vec" "g" "cache" "fn" "<Anonymous>" ".External2" "optim" "private$gmm" "self$WangShaoKim2014" "initialize" "EBMRAlgorithmFast4$new" 
"%*%" "as.vector" "pmax" "pmin" "compute_pi" "as.vector" "get_pi_vec" "g" "cache" "fn" "<Anonymous>" ".External2" "optim" "private$gmm" "self$WangShaoKim2014" "initialize" "EBMRAlgorithmFast4$new" 
"exp" "compute_pi" "as.vector" "get_pi_vec" "g" "cache" "fn" "<Anonymous>" ".External2" "optim" "private$gmm" "self$WangShaoKim2014" "initialize" "EBMRAlgorithmFast4$new" 
"colMeans" "Gamma" "private$gmm" "self$WangShaoKim2014" "initialize" "EBMRAlgorithmFast4$new" 
"*" "Gamma_direct" "gr" "<Anonymous>" ".External2" "optim" "private$gmm" "self$WangShaoKim2014" "initialize" "EBMRAlgorithmFast4$new" 
"cache" "fn" "<Anonymous>" ".External2" "optim" "private$gmm" "self$WangShaoKim2014" "initialize" "EBMRAlgorithmFast4$new" 
"*" "g" "cache" "fn" "<Anonymous>" ".External2" "optim" "private$gmm" "self$WangShaoKim2014" "initialize" "EBMRAlgorithmFast4$new" 
"*" "g" "cache" "fn" "<Anonymous>" ".External2" "optim" "private$gmm" "self$WangShaoKim2014" "initialize" "EBMRAlgorithmFast4$new" 
"*" "g" "cache" "fn" "<Anonymous>" ".External2" "optim" "private$gmm" "self$WangShaoKim2014" "initialize" "EBMRAlgorithmFast4$new" 
"unique.default" "unique" "private$separate_variable_types" "self$WangShaoKim2014" "initialize" "EBMRAlgorithmFast4$new" 
"+" "compute_pi" "as.vector" "get_pi_vec" "g" "cache" "fn" "<Anonymous>" ".External2" "optim" "private$gmm" "self$WangShaoKim2014" "initialize" "EBMRAlgorithmFast4$new" 
"%*%" "solve" "W" "doTryCatch" "tryCatchOne" "tryCatchList" "tryCatch" "private$gmm" "self$WangShaoKim2014" "initialize" "EBMRAlgorithmFast4$new" 
"get_pi_vec" "g" "cache" "fn" "<Anonymous>" ".External2" "optim" "private$gmm" "self$WangShaoKim2014" "initialize" "EBMRAlgorithmFast4$new" 
"colnames<-" "solve.default" "solve" "W" "doTryCatch" "tryCatchOne" "tryCatchList" "tryCatch" "private$gmm" "self$WangShaoKim2014" "initialize" "EBMRAlgorithmFast4$new" 
".colMeans" "matrix" "Q_full" "FUN" "vapply" "doTryCatch" "tryCatchOne" "tryCatchList" "tryCatch" "private$gmm" "self$WangShaoKim2014" "initialize" "EBMRAlgorithmFast4$new" 
"factor" "as.factor" "self$WangShaoKim2014" "initialize" "EBMRAlgorithmFast4$new" 
"Gamma_direct" "gr" "<Anonymous>" ".External2" "optim" "private$gmm" "self$WangShaoKim2014" "initialize" "EBMRAlgorithmFast4$new" 
"d2g" "Gamma_2" "private$gmm" "self$WangShaoKim2014" "initialize" "EBMRAlgorithmFast4$new" 
"as.vector" "self$WangShaoKim2014" "initialize" "EBMRAlgorithmFast4$new" 
"pmin" "compute_pi" "as.vector" "get_pi_vec" "g" "cache" "fn" "<Anonymous>" ".External2" "optim" "private$gmm" "self$WangShaoKim2014" "initialize" "EBMRAlgorithmFast4$new" 
"as.vector" "ebmr$EBMR_IPW" 
"match.arg" "optim" "private$gmm" "self$WangShaoKim2014" "initialize" "EBMRAlgorithmFast4$new" 
"crossprod" "Gamma_direct" "gr" "<Anonymous>" ".External2" "optim" "private$gmm" "self$WangShaoKim2014" "initialize" "EBMRAlgorithmFast4$new" 
"vapply" "pmax" "pmin" "compute_pi" "as.vector" "get_pi_vec" "g" "cache" "fn" "<Anonymous>" ".External2" "optim" "private$gmm" "self$WangShaoKim2014" "initialize" "EBMRAlgorithmFast4$new" 
"%*%" "as.vector" "private$gmm" "self$WangShaoKim2014" "initialize" "EBMRAlgorithmFast4$new" 
"*" "g" "cache" "fn" "<Anonymous>" ".External2" "optim" "private$gmm" "self$WangShaoKim2014" "initialize" "EBMRAlgorithmFast4$new" 
"cache" "fn" "<Anonymous>" ".External2" "optim" "private$gmm" "self$WangShaoKim2014" "initialize" "EBMRAlgorithmFast4$new" 
"exp" "compute_pi" "as.vector" "get_pi_vec" "g" "cache" "fn" "<Anonymous>" ".External2" "optim" "private$gmm" "self$WangShaoKim2014" "initialize" "EBMRAlgorithmFast4$new" 
"-" "g" "cache" "fn" "<Anonymous>" ".External2" "optim" "private$gmm" "self$WangShaoKim2014" "initialize" "EBMRAlgorithmFast4$new" 
"factor" "as.factor" "self$WangShaoKim2014" "initialize" "EBMRAlgorithmFast4$new" 
"*" "Gamma_direct" "gr" "<Anonymous>" ".External2" "optim" "private$gmm" "self$WangShaoKim2014" "initialize" "EBMRAlgorithmFast4$new" 
".colMeans" "matrix" "cache" "fn" "<Anonymous>" ".External2" "optim" "private$gmm" "self$WangShaoKim2014" "initialize" "EBMRAlgorithmFast4$new" 
"-" "Gamma_direct" "gr" "<Anonymous>" ".External2" "optim" "private$gmm" "self$WangShaoKim2014" "initialize" "EBMRAlgorithmFast4$new" 
"crossprod" "Gamma_direct" "gr" "<Anonymous>" ".External2" "optim" "private$gmm" "self$WangShaoKim2014" "initialize" "EBMRAlgorithmFast4$new" 
"*" "g" "cache" "fn" "<Anonymous>" ".External2" "optim" "private$gmm" "self$WangShaoKim2014" "initialize" "EBMRAlgorithmFast4$new" 
"crossprod" "Gamma_direct" "gr" "<Anonymous>" ".External2" "optim" "private$gmm" "self$WangShaoKim2014" "initialize" "EBMRAlgorithmFast4$new" 
"-" "Gamma_direct" "gr" "<Anonymous>" ".External2" "optim" "private$gmm" "self$WangShaoKim2014" "initialize" "EBMRAlgorithmFast4$new" 
"%*%" "private$gmm" "self$WangShaoKim2014" "initialize" "EBMRAlgorithmFast4$new" 
"crossprod" "Gamma_direct" "gr" "<Anonymous>" ".External2" "optim" "private$gmm" "self$WangShaoKim2014" "initialize" "EBMRAlgorithmFast4$new" 
"as.vector" "pmax" "pmin" "compute_pi" "as.vector" "get_pi_vec" "g" "cache" "fn" "<Anonymous>" ".External2" "optim" "private$gmm" "self$WangShaoKim2014" "initialize" "EBMRAlgorithmFast4$new" 
"optim" "private$gmm" "self$WangShaoKim2014" "initialize" "EBMRAlgorithmFast4$new" 
"get_pi_vec" "g" "cache" "fn" "<Anonymous>" ".External2" "optim" "private$gmm" "self$WangShaoKim2014" "initialize" "EBMRAlgorithmFast4$new" 
"crossprod" "Gamma_direct" "gr" "<Anonymous>" ".External2" "optim" "private$gmm" "self$WangShaoKim2014" "initialize" "EBMRAlgorithmFast4$new" 
"exp" "compute_pi" "as.vector" "get_pi_vec" "g" "cache" "fn" "<Anonymous>" ".External2" "optim" "private$gmm" "self$WangShaoKim2014" "initialize" "EBMRAlgorithmFast4$new" 
"pmin" "compute_pi" "as.vector" "get_pi_vec" "g" "Q_full" "doTryCatch" "tryCatchOne" "tryCatchList" "tryCatch" "private$gmm" "self$WangShaoKim2014" "initialize" "EBMRAlgorithmFast4$new" 
"crossprod" "Gamma_direct" "gr" "<Anonymous>" ".External2" "optim" "private$gmm" "self$WangShaoKim2014" "initialize" "EBMRAlgorithmFast4$new" 
"%*%" "solve" "W" "doTryCatch" "tryCatchOne" "tryCatchList" "tryCatch" "private$gmm" "self$WangShaoKim2014" "initialize" "EBMRAlgorithmFast4$new" 
"exp" "compute_pi" "as.vector" "get_pi_vec" "g" "cache" "fn" "<Anonymous>" ".External2" "optim" "private$gmm" "self$WangShaoKim2014" "initialize" "EBMRAlgorithmFast4$new" 
"crossprod" "Gamma_direct" "gr" "<Anonymous>" ".External2" "optim" "private$gmm" "self$WangShaoKim2014" "initialize" "EBMRAlgorithmFast4$new" 
"g" "Q_full" "doTryCatch" "tryCatchOne" "tryCatchList" "tryCatch" "private$gmm" "self$WangShaoKim2014" "initialize" "EBMRAlgorithmFast4$new" 
"pmatch" ".deparseOpts" "deparse" "paste" "FUN" "vapply" "model.matrix.default" "NextMethod" "model.matrix.lm" "model.matrix" "self$WangShaoKim2014" "initialize" "EBMRAlgorithmFast4$new" 
"*" "Gamma_direct" "gr" "<Anonymous>" ".External2" "optim" "private$gmm" "self$WangShaoKim2014" "initialize" "EBMRAlgorithmFast4$new" 
"crossprod" "Gamma_direct" "conv_grad_fast" "private$gmm" "self$WangShaoKim2014" "initialize" "EBMRAlgorithmFast4$new" 
"exp" "compute_pi" "as.vector" "get_pi_vec" "g" "cache" "fn" "<Anonymous>" ".External2" "optim" "private$gmm" "self$WangShaoKim2014" "initialize" "EBMRAlgorithmFast4$new" 
"exp" "compute_pi" "as.vector" "get_pi_vec" "g" "Q_full" "doTryCatch" "tryCatchOne" "tryCatchList" "tryCatch" "private$gmm" "self$WangShaoKim2014" "initialize" "EBMRAlgorithmFast4$new" 
"self$WangShaoKim2014" "initialize" "EBMRAlgorithmFast4$new" 
"t" "solve" "W" "doTryCatch" "tryCatchOne" "tryCatchList" "tryCatch" "private$gmm" "self$WangShaoKim2014" "initialize" "EBMRAlgorithmFast4$new" 
"matrix" "cache" "fn" "<Anonymous>" ".External2" "optim" "private$gmm" "self$WangShaoKim2014" "initialize" "EBMRAlgorithmFast4$new" 
"as.vector" "gr" "<Anonymous>" ".External2" "optim" "private$gmm" "self$WangShaoKim2014" "initialize" "EBMRAlgorithmFast4$new" 
"as.vector" "ebmr$EBMR_IPW" 
"crossprod" "Gamma_direct" "gr" "<Anonymous>" ".External2" "optim" "private$gmm" "self$WangShaoKim2014" "initialize" "EBMRAlgorithmFast4$new" 
"-" "Gamma_direct" "gr" "<Anonymous>" ".External2" "optim" "private$gmm" "self$WangShaoKim2014" "initialize" "EBMRAlgorithmFast4$new" 
"crossprod" "Gamma_direct" "gr" "<Anonymous>" ".External2" "optim" "private$gmm" "self$WangShaoKim2014" "initialize" "EBMRAlgorithmFast4$new" 
"crossprod" "Gamma_direct" "gr" "<Anonymous>" ".External2" "optim" "private$gmm" "self$WangShaoKim2014" "initialize" "EBMRAlgorithmFast4$new" 
"Gamma_direct" "gr" "<Anonymous>" ".External2" "optim" "private$gmm" "self$WangShaoKim2014" "initialize" "EBMRAlgorithmFast4$new" 
"match.arg" "optim" "private$gmm" "self$WangShaoKim2014" "initialize" "EBMRAlgorithmFast4$new" 
"/" "compute_pi" "as.vector" "get_pi_vec" "g" "cache" "fn" "<Anonymous>" ".External2" "optim" "private$gmm" "self$WangShaoKim2014" "initialize" "EBMRAlgorithmFast4$new" 
"factor" "as.factor" "self$WangShaoKim2014" "initialize" "EBMRAlgorithmFast4$new" 
"identical" "cache" "fn" "<Anonymous>" ".External2" "optim" "private$gmm" "self$WangShaoKim2014" "initialize" "EBMRAlgorithmFast4$new" 
"exp" "compute_pi" "as.vector" "get_pi_vec" "g" "cache" "fn" "<Anonymous>" ".External2" "optim" "private$gmm" "self$WangShaoKim2014" "initialize" "EBMRAlgorithmFast4$new" 
"vapply" "pmin" "compute_pi" "as.vector" "get_pi_vec" "g" "cache" "fn" "<Anonymous>" ".External2" "optim" "private$gmm" "self$WangShaoKim2014" "initialize" "EBMRAlgorithmFast4$new" 
"base::colMeans" "colMeans" "colMeans" "Gamma" "private$gmm" "self$WangShaoKim2014" "initialize" "EBMRAlgorithmFast4$new" 
"vapply" "pmax" "pmin" "compute_pi" "as.vector" "get_pi_vec" "g" "cache" "fn" "<Anonymous>" ".External2" "optim" "private$gmm" "self$WangShaoKim2014" "initialize" "EBMRAlgorithmFast4$new" 
"pmax" "pmin" "compute_pi" "as.vector" "get_pi_vec" "g" "cache" "fn" "<Anonymous>" ".External2" "optim" "private$gmm" "self$WangShaoKim2014" "initialize" "EBMRAlgorithmFast4$new" 
"exp" "compute_pi" "as.vector" "get_pi_vec" "g" "cache" "fn" "<Anonymous>" ".External2" "optim" "private$gmm" "self$WangShaoKim2014" "initialize" "EBMRAlgorithmFast4$new" 
"private$gmm" "self$WangShaoKim2014" "initialize" "EBMRAlgorithmFast4$new" 
"FUN" "vapply" "pmin" "compute_pi" "as.vector" "get_pi_vec" "g" "cache" "fn" "<Anonymous>" ".External2" "optim" "private$gmm" "self$WangShaoKim2014" "initialize" "EBMRAlgorithmFast4$new" 
"proj_grad_norm" "private$gmm" "self$WangShaoKim2014" "initialize" "EBMRAlgorithmFast4$new" 
"exp" "compute_pi" "as.vector" "get_pi_vec" "g" "cache" "fn" "<Anonymous>" ".External2" "optim" "private$gmm" "self$WangShaoKim2014" "initialize" "EBMRAlgorithmFast4$new" 
"%*%" "solve" "W" "doTryCatch" "tryCatchOne" "tryCatchList" "tryCatch" "private$gmm" "self$WangShaoKim2014" "initialize" "EBMRAlgorithmFast4$new" 
"tcrossprod" "outer" ".kronecker" "kronecker" "kronecker" "private$gmm" "self$WangShaoKim2014" "initialize" "EBMRAlgorithmFast4$new" 
"%*%" "as.vector" "pmax" "pmin" "compute_pi" "as.vector" "get_pi_vec" "g" "cache" "fn" "<Anonymous>" ".External2" "optim" "private$gmm" "self$WangShaoKim2014" "initialize" "EBMRAlgorithmFast4$new" 
"<Anonymous>" ".External2" "optim" "private$gmm" "self$WangShaoKim2014" "initialize" "EBMRAlgorithmFast4$new" 
"get_pi_vec" "g" "cache" "fn" "<Anonymous>" ".External2" "optim" "private$gmm" "self$WangShaoKim2014" "initialize" "EBMRAlgorithmFast4$new" 
"*" "g" "private$gmm" "self$WangShaoKim2014" "initialize" "EBMRAlgorithmFast4$new" 
".colMeans" "matrix" "cache" "fn" "<Anonymous>" ".External2" "optim" "private$gmm" "self$WangShaoKim2014" "initialize" "EBMRAlgorithmFast4$new" 
"*" "Gamma_direct" "gr" "<Anonymous>" ".External2" "optim" "private$gmm" "self$WangShaoKim2014" "initialize" "EBMRAlgorithmFast4$new" 
"vapply" "doTryCatch" "tryCatchOne" "tryCatchList" "tryCatch" "private$gmm" "self$WangShaoKim2014" "initialize" "EBMRAlgorithmFast4$new" 
"exp" "compute_pi" "as.vector" "get_pi_vec" "g" "cache" "fn" "<Anonymous>" ".External2" "optim" "private$gmm" "self$WangShaoKim2014" "initialize" "EBMRAlgorithmFast4$new" 
"get_pi_vec" "g" "cache" "fn" "<Anonymous>" ".External2" "optim" "private$gmm" "self$WangShaoKim2014" "initialize" "EBMRAlgorithmFast4$new" 
"*" "g" "cache" "fn" "<Anonymous>" ".External2" "optim" "private$gmm" "self$WangShaoKim2014" "initialize" "EBMRAlgorithmFast4$new" 
"exp" "compute_pi" "as.vector" "get_pi_vec" "g" "cache" "fn" "<Anonymous>" ".External2" "optim" "private$gmm" "self$WangShaoKim2014" "initialize" "EBMRAlgorithmFast4$new" 
"optim" "private$gmm" "self$WangShaoKim2014" "initialize" "EBMRAlgorithmFast4$new" 
"get_pi_vec" "g" "cache" "fn" "<Anonymous>" ".External2" "optim" "private$gmm" "self$WangShaoKim2014" "initialize" "EBMRAlgorithmFast4$new" 
"FUN" "vapply" "pmin" "compute_pi" "as.vector" "get_pi_vec" "g" "cache" "fn" "<Anonymous>" ".External2" "optim" "private$gmm" "self$WangShaoKim2014" "initialize" "EBMRAlgorithmFast4$new" 
"pmax" "pmin" "compute_pi" "as.vector" "get_pi_vec" "g" "cache" "fn" "<Anonymous>" ".External2" "optim" "private$gmm" "self$WangShaoKim2014" "initialize" "EBMRAlgorithmFast4$new" 
"vapply" "pmin" "compute_pi" "as.vector" "get_pi_vec" "g" "cache" "fn" "<Anonymous>" ".External2" "optim" "private$gmm" "self$WangShaoKim2014" "initialize" "EBMRAlgorithmFast4$new" 
"get_pi_vec" "Gamma_direct" "gr" "<Anonymous>" ".External2" "optim" "private$gmm" "self$WangShaoKim2014" "initialize" "EBMRAlgorithmFast4$new" 
"crossprod" "Gamma_direct" "conv_grad" "proj_grad_norm" "private$gmm" "self$WangShaoKim2014" "initialize" "EBMRAlgorithmFast4$new" 
"length" "length" "dim.data.frame" "dim" "dim" "ncol" "self$WangShaoKim2014" "initialize" "EBMRAlgorithmFast4$new" 
"cache" "fn" "<Anonymous>" ".External2" "optim" "private$gmm" "self$WangShaoKim2014" "initialize" "EBMRAlgorithmFast4$new" 
"private$gmm" "self$WangShaoKim2014" "initialize" "EBMRAlgorithmFast4$new" 
"crossprod" "Gamma_direct" "gr" "<Anonymous>" ".External2" "optim" "private$gmm" "self$WangShaoKim2014" "initialize" "EBMRAlgorithmFast4$new" 
"pmax" "pmin" "compute_pi" "as.vector" "get_pi_vec" "g" "cache" "fn" "<Anonymous>" ".External2" "optim" "private$gmm" "self$WangShaoKim2014" "initialize" "EBMRAlgorithmFast4$new" 
"pmax" "pmin" "compute_pi" "as.vector" "get_pi_vec" "g" "cache" "fn" "<Anonymous>" ".External2" "optim" "private$gmm" "self$WangShaoKim2014" "initialize" "EBMRAlgorithmFast4$new" 
"pmax" "pmin" "compute_pi" "as.vector" "get_pi_vec" "g" "cache" "fn" "<Anonymous>" ".External2" "optim" "private$gmm" "self$WangShaoKim2014" "initialize" "EBMRAlgorithmFast4$new" 
"pmax" "pmin" "compute_pi" "as.vector" "get_pi_vec" "g" "cache" "fn" "<Anonymous>" ".External2" "optim" "private$gmm" "self$WangShaoKim2014" "initialize" "EBMRAlgorithmFast4$new" 
"pmax" "pmin" "compute_pi" "as.vector" "get_pi_vec" "g" "cache" "fn" "<Anonymous>" ".External2" "optim" "private$gmm" "self$WangShaoKim2014" "initialize" "EBMRAlgorithmFast4$new" 
"t" "standardGeneric" "t" "colMeans" "ebmr$EBMR_IPW" 
"crossprod" "Gamma_direct" "gr" "<Anonymous>" ".External2" "optim" "private$gmm" "self$WangShaoKim2014" "initialize" "EBMRAlgorithmFast4$new" 
"exp" "compute_pi" "as.vector" "get_pi_vec" "g" "cache" "fn" "<Anonymous>" ".External2" "optim" "private$gmm" "self$WangShaoKim2014" "initialize" "EBMRAlgorithmFast4$new" 
"base::colMeans" "colMeans" "colMeans" "Gamma" "private$gmm" "self$WangShaoKim2014" "initialize" "EBMRAlgorithmFast4$new" 
"cache" "fn" "<Anonymous>" ".External2" "optim" "private$gmm" "self$WangShaoKim2014" "initialize" "EBMRAlgorithmFast4$new" 
"crossprod" "Gamma_direct" "gr" "<Anonymous>" ".External2" "optim" "private$gmm" "self$WangShaoKim2014" "initialize" "EBMRAlgorithmFast4$new" 
"get_pi_vec" "g" "Q_full" "FUN" "vapply" "doTryCatch" "tryCatchOne" "tryCatchList" "tryCatch" "private$gmm" "self$WangShaoKim2014" "initialize" "EBMRAlgorithmFast4$new" 
"exp" "compute_pi" "as.vector" "get_pi_vec" "g" "cache" "fn" "<Anonymous>" ".External2" "optim" "private$gmm" "self$WangShaoKim2014" "initialize" "EBMRAlgorithmFast4$new" 
"exp" "compute_pi" "as.vector" "get_pi_vec" "g" "cache" "fn" "<Anonymous>" ".External2" "optim" "private$gmm" "self$WangShaoKim2014" "initialize" "EBMRAlgorithmFast4$new" 
"crossprod" "Gamma_direct" "gr" "<Anonymous>" ".External2" "optim" "private$gmm" "self$WangShaoKim2014" "initialize" "EBMRAlgorithmFast4$new" 
"exp" "compute_pi" "as.vector" "get_pi_vec" "g" "cache" "fn" "<Anonymous>" ".External2" "optim" "private$gmm" "self$WangShaoKim2014" "initialize" "EBMRAlgorithmFast4$new" 
"unique.default" "unique" "private$separate_variable_types" "self$WangShaoKim2014" "initialize" "EBMRAlgorithmFast4$new" 
"*" "Gamma_direct" "gr" "<Anonymous>" ".External2" "optim" "private$gmm" "self$WangShaoKim2014" "initialize" "EBMRAlgorithmFast4$new" 
"exp" "compute_pi" "as.vector" "get_pi_vec" "g" "cache" "fn" "<Anonymous>" ".External2" "optim" "private$gmm" "self$WangShaoKim2014" "initialize" "EBMRAlgorithmFast4$new" 
"exp" "compute_pi" "as.vector" "get_pi_vec" "g" "cache" "fn" "<Anonymous>" ".External2" "optim" "private$gmm" "self$WangShaoKim2014" "initialize" "EBMRAlgorithmFast4$new" 
"as.vector" "pmax" "pmin" "compute_pi" "as.vector" "get_pi_vec" "g" "cache" "fn" "<Anonymous>" ".External2" "optim" "private$gmm" "self$WangShaoKim2014" "initialize" "EBMRAlgorithmFast4$new" 
"exp" "compute_pi" "as.vector" "get_pi_vec" "g" "cache" "fn" "<Anonymous>" ".External2" "optim" "private$gmm" "self$WangShaoKim2014" "initialize" "EBMRAlgorithmFast4$new" 
"crossprod" "Gamma_direct" "conv_grad_fast" "private$gmm" "self$WangShaoKim2014" "initialize" "EBMRAlgorithmFast4$new" 
"exp" "compute_pi" "as.vector" "get_pi_vec" "g" "cache" "fn" "<Anonymous>" ".External2" "optim" "private$gmm" "self$WangShaoKim2014" "initialize" "EBMRAlgorithmFast4$new" 
".External2" "optim" "private$gmm" "self$WangShaoKim2014" "initialize" "EBMRAlgorithmFast4$new" 
"unlist" "<Anonymous>" "do.call" "as.data.frame.list" "as.data.frame" "private$separate_variable_types" "self$WangShaoKim2014" "initialize" "EBMRAlgorithmFast4$new" 
"exp" "compute_pi" "as.vector" "get_pi_vec" "g" "cache" "fn" "<Anonymous>" ".External2" "optim" "private$gmm" "self$WangShaoKim2014" "initialize" "EBMRAlgorithmFast4$new" 
"crossprod" "as.vector" "gr" "<Anonymous>" ".External2" "optim" "private$gmm" "self$WangShaoKim2014" "initialize" "EBMRAlgorithmFast4$new" 
"get_pi_vec" "g" "cache" "fn" "<Anonymous>" ".External2" "optim" "private$gmm" "self$WangShaoKim2014" "initialize" "EBMRAlgorithmFast4$new" 
"cbind" "private$build_design_matrix" "self$WangShaoKim2014" "initialize" "EBMRAlgorithmFast4$new" 
"*" "Gamma_direct" "gr" "<Anonymous>" ".External2" "optim" "private$gmm" "self$WangShaoKim2014" "initialize" "EBMRAlgorithmFast4$new" 
"crossprod" "Gamma_direct" "gr" "<Anonymous>" ".External2" "optim" "private$gmm" "self$WangShaoKim2014" "initialize" "EBMRAlgorithmFast4$new" 
"*" "Gamma_direct" "gr" "<Anonymous>" ".External2" "optim" "private$gmm" "self$WangShaoKim2014" "initialize" "EBMRAlgorithmFast4$new" 
"d2g" "Gamma_2" "private$gmm" "self$WangShaoKim2014" "initialize" "EBMRAlgorithmFast4$new" 
"*" "Gamma_direct" "gr" "<Anonymous>" ".External2" "optim" "private$gmm" "self$WangShaoKim2014" "initialize" "EBMRAlgorithmFast4$new" 
"exp" "compute_pi" "as.vector" "get_pi_vec" "g" "cache" "fn" "<Anonymous>" ".External2" "optim" "private$gmm" "self$WangShaoKim2014" "initialize" "EBMRAlgorithmFast4$new" 
"*" "Gamma_direct" "gr" "<Anonymous>" ".External2" "optim" "private$gmm" "self$WangShaoKim2014" "initialize" "EBMRAlgorithmFast4$new" 
"crossprod" "Gamma_direct" "gr" "<Anonymous>" ".External2" "optim" "private$gmm" "self$WangShaoKim2014" "initialize" "EBMRAlgorithmFast4$new" 
"exp" "compute_pi" "as.vector" "get_pi_vec" "g" "cache" "fn" "<Anonymous>" ".External2" "optim" "private$gmm" "self$WangShaoKim2014" "initialize" "EBMRAlgorithmFast4$new" 
"doTryCatch" "tryCatchOne" "tryCatchList" "tryCatch" "private$gmm" "self$WangShaoKim2014" "initialize" "EBMRAlgorithmFast4$new" 
"length" "length" "dim.data.frame" "dim" "dim" "as.matrix.data.frame" "as.matrix" "standardGeneric" "as.matrix" "standardGeneric" "mean" "self$WangShaoKim2014" "initialize" "EBMRAlgorithmFast4$new" 
"-" "g" "cache" "fn" "<Anonymous>" ".External2" "optim" "private$gmm" "self$WangShaoKim2014" "initialize" "EBMRAlgorithmFast4$new" 
"vapply" "pmax" "pmin" "compute_pi" "as.vector" "get_pi_vec" "g" "cache" "fn" "<Anonymous>" ".External2" "optim" "private$gmm" "self$WangShaoKim2014" "initialize" "EBMRAlgorithmFast4$new" 
"*" "Gamma_direct" "gr" "<Anonymous>" ".External2" "optim" "private$gmm" "self$WangShaoKim2014" "initialize" "EBMRAlgorithmFast4$new" 
"tryCatchOne" "tryCatchList" "tryCatch" "private$gmm" "self$WangShaoKim2014" "initialize" "EBMRAlgorithmFast4$new" 
"terms.formula" "terms" "model.frame.default" "stats::model.frame" "eval" "eval" "lm" "model.matrix" "self$WangShaoKim2014" "initialize" "EBMRAlgorithmFast4$new" 
"fn" "<Anonymous>" ".External2" "optim" "private$gmm" "self$WangShaoKim2014" "initialize" "EBMRAlgorithmFast4$new" 
".External2" "optim" "private$gmm" "self$WangShaoKim2014" "initialize" "EBMRAlgorithmFast4$new" 
"%*%" "solve" "W" "doTryCatch" "tryCatchOne" "tryCatchList" "tryCatch" "Q_full" "doTryCatch" "tryCatchOne" "tryCatchList" "tryCatch" "private$gmm" "self$WangShaoKim2014" "initialize" "EBMRAlgorithmFast4$new" 
"*" "Gamma_direct" "gr" "<Anonymous>" ".External2" "optim" "private$gmm" "self$WangShaoKim2014" "initialize" "EBMRAlgorithmFast4$new" 
"crossprod" "Gamma_direct" "conv_grad_fast" "private$gmm" "self$WangShaoKim2014" "initialize" "EBMRAlgorithmFast4$new" 
"solve" "W" "doTryCatch" "tryCatchOne" "tryCatchList" "tryCatch" "private$gmm" "self$WangShaoKim2014" "initialize" "EBMRAlgorithmFast4$new" 
"abs" "proj_grad_norm" "private$gmm" "self$WangShaoKim2014" "initialize" "EBMRAlgorithmFast4$new" 
"-" "Gamma_direct" "gr" "<Anonymous>" ".External2" "optim" "private$gmm" "self$WangShaoKim2014" "initialize" "EBMRAlgorithmFast4$new" 
"EBMRAlgorithmFast4$new" 
"crossprod" "Gamma_direct" "gr" "<Anonymous>" ".External2" "optim" "private$gmm" "self$WangShaoKim2014" "initialize" "EBMRAlgorithmFast4$new" 
"*" "Gamma_direct" "gr" "<Anonymous>" ".External2" "optim" "private$gmm" "self$WangShaoKim2014" "initialize" "EBMRAlgorithmFast4$new" 
"exp" "compute_pi" "as.vector" "get_pi_vec" "g" "cache" "fn" "<Anonymous>" ".External2" "optim" "private$gmm" "self$WangShaoKim2014" "initialize" "EBMRAlgorithmFast4$new" 
"crossprod" "Gamma_direct" "gr" "<Anonymous>" ".External2" "optim" "private$gmm" "self$WangShaoKim2014" "initialize" "EBMRAlgorithmFast4$new" 
"as.vector" "self$WangShaoKim2014" "initialize" "EBMRAlgorithmFast4$new" 
"exp" "compute_pi" "as.vector" "get_pi_vec" "g" "cache" "fn" "<Anonymous>" ".External2" "optim" "private$gmm" "self$WangShaoKim2014" "initialize" "EBMRAlgorithmFast4$new" 
"pmax" "pmin" "compute_pi" "as.vector" "get_pi_vec" "g" "cache" "fn" "<Anonymous>" ".External2" "optim" "private$gmm" "self$WangShaoKim2014" "initialize" "EBMRAlgorithmFast4$new" 
"crossprod" "Gamma_direct" "gr" "<Anonymous>" ".External2" "optim" "private$gmm" "self$WangShaoKim2014" "initialize" "EBMRAlgorithmFast4$new" 
